[14Sep2025 20:32:40.911] [main/INFO] [cpw.mods.modlauncher.Launcher/MODLAUNCHER]: ModLauncher running: args [--launchTarget, forgeserver, --fml.forgeVersion, 47.3.7, --fml.mcVersion, 1.20.1, --fml.forgeGroup, net.minecraftforge, --fml.mcpVersion, 20230612.114412, nogui]
[14Sep2025 20:32:40.920] [main/INFO] [cpw.mods.modlauncher.Launcher/MODLAUNCHER]: ModLauncher 10.0.9+10.0.9+main.dcd20f30 starting: java version 17.0.16 by Ubuntu; OS Linux arch amd64 version 6.8.0-1030-azure
[14Sep2025 20:32:42.440] [main/INFO] [net.minecraftforge.fml.loading.ImmediateWindowHandler/]: ImmediateWindowProvider not loading because launch target is forgeserver
[14Sep2025 20:32:42.451] [main/INFO] [mixin-transmog/]: Mixin Transmogrifier is definitely up to no good...
[14Sep2025 20:32:42.493] [main/INFO] [mixin-transmog/]: crimes against java were committed
[14Sep2025 20:32:42.531] [main/INFO] [mixin-transmog/]: Original mixin transformation service successfully crobbed by mixin-transmogrifier!
[14Sep2025 20:32:42.615] [main/INFO] [mixin/]: SpongePowered MIXIN Subsystem Version=0.8.5 Source=union:/workspaces/Sever-Prueba-3/servidor_minecraft/mods/Connector-1.0.0-beta.46+1.20.1.jar%23190%23193!/ Service=ModLauncher Env=SERVER
[14Sep2025 20:32:43.405] [main/WARN] [net.minecraftforge.fml.loading.moddiscovery.ModFileParser/LOADING]: Mod file /workspaces/Sever-Prueba-3/servidor_minecraft/libraries/net/minecraftforge/fmlcore/1.20.1-47.3.7/fmlcore-1.20.1-47.3.7.jar is missing mods.toml file
[14Sep2025 20:32:43.406] [main/WARN] [net.minecraftforge.fml.loading.moddiscovery.ModFileParser/LOADING]: Mod file /workspaces/Sever-Prueba-3/servidor_minecraft/libraries/net/minecraftforge/javafmllanguage/1.20.1-47.3.7/javafmllanguage-1.20.1-47.3.7.jar is missing mods.toml file
[14Sep2025 20:32:43.407] [main/WARN] [net.minecraftforge.fml.loading.moddiscovery.ModFileParser/LOADING]: Mod file /workspaces/Sever-Prueba-3/servidor_minecraft/libraries/net/minecraftforge/lowcodelanguage/1.20.1-47.3.7/lowcodelanguage-1.20.1-47.3.7.jar is missing mods.toml file
[14Sep2025 20:32:43.411] [main/WARN] [net.minecraftforge.fml.loading.moddiscovery.ModFileParser/LOADING]: Mod file /workspaces/Sever-Prueba-3/servidor_minecraft/libraries/net/minecraftforge/mclanguage/1.20.1-47.3.7/mclanguage-1.20.1-47.3.7.jar is missing mods.toml file
[14Sep2025 20:32:45.166] [main/WARN] [net.minecraftforge.jarjar.selection.JarSelector/]: Attempted to select two dependency jars from JarJar which have the same identification: Mod File:  and Mod File: . Using Mod File: 
[14Sep2025 20:32:45.169] [main/WARN] [net.minecraftforge.jarjar.selection.JarSelector/]: Attempted to select a dependency jar for JarJar which was passed in as source: architectury. Using Mod File: /workspaces/Sever-Prueba-3/servidor_minecraft/mods/architectury-9.2.14-forge.jar
[14Sep2025 20:32:45.170] [main/INFO] [net.minecraftforge.fml.loading.moddiscovery.JarInJarDependencyLocator/]: Found 88 dependencies adding them to mods collection
[14Sep2025 20:32:46.098] [main/INFO] [org.sinytra.connector.locator.DependencyResolver/]: Dependency resolution found 2 candidates to load
[14Sep2025 20:32:53.302] [main/INFO] [org.groovymc.gml.mappings.MappingsProvider/]: Starting runtime mappings setup...
[14Sep2025 20:32:53.320] [main/INFO] [org.groovymc.gml.internal.locator.ModLocatorInjector/]: Injecting ScriptModLocator candidates...
[14Sep2025 20:32:53.330] [main/INFO] [org.groovymc.gml.scriptmods.ScriptModLocator/]: Injected Jimfs file system
[14Sep2025 20:32:53.336] [main/INFO] [org.groovymc.gml.scriptmods.ScriptModLocator/]: Skipped loading script mods from directory /workspaces/Sever-Prueba-3/servidor_minecraft/mods/scripts as it did not exist.
[14Sep2025 20:32:53.344] [main/INFO] [org.groovymc.gml.internal.locator.ModLocatorInjector/]: Injected ScriptModLocator mod candidates. Found 0 valid mod candidates and 0 broken mod files.
[14Sep2025 20:32:53.813] [main/INFO] [org.sinytra.connector.service.hacks.ModuleLayerMigrator/]: Successfully made module authlib transformable
[14Sep2025 20:32:54.176] [GML Mappings Thread/INFO] [org.groovymc.gml.mappings.MappingsProvider/]: Found version metadata from piston-meta.
[14Sep2025 20:32:54.197] [GML Mappings Thread/INFO] [org.groovymc.gml.mappings.MappingsProvider/]: version.json is up to date.
[14Sep2025 20:32:54.638] [GML Mappings Thread/INFO] [org.groovymc.gml.mappings.MappingsProvider/]: Official mappings are up to date.
[14Sep2025 20:32:55.143] [GML Mappings Thread/INFO] [org.groovymc.gml.mappings.MappingsProvider/]: MCPConfig is up to date.
[14Sep2025 20:32:55.149] [main/INFO] [mixin/]: Compatibility level set to JAVA_17
[14Sep2025 20:32:56.058] [main/INFO] [mixin/]: Successfully loaded Mixin Connector [com.sonicether.soundphysics.MixinConnector]
[14Sep2025 20:32:56.083] [main/INFO] [cpw.mods.modlauncher.LaunchServiceHandler/MODLAUNCHER]: Launching target 'forgeserver' with arguments [nogui]
[14Sep2025 20:32:56.226] [main/INFO] [ModernFix/]: Loaded configuration file for ModernFix 5.24.4+mc1.20.1: 96 options available, 0 override(s) found
[14Sep2025 20:32:56.227] [main/INFO] [ModernFix/]: Applying Nashorn fix
[14Sep2025 20:32:56.334] [main/INFO] [ModernFix/]: Applied Forge config corruption patch
[14Sep2025 20:32:56.507] [main/INFO] [Embeddium/]: Loaded configuration file for Embeddium: 184 options available, 3 override(s) found
[14Sep2025 20:32:56.702] [main/WARN] [mixin/]: Reference map 'pandalib-common-common-refmap.json' for pandalib-common.mixins.json could not be read. If this is a development environment you can ignore this message
[14Sep2025 20:32:57.056] [main/WARN] [mixin/]: Reference map 'coroutil.refmap.json' for coroutil.mixins.json could not be read. If this is a development environment you can ignore this message
[14Sep2025 20:32:57.139] [main/INFO] [Embeddium Extra/]: Loaded configuration file for Sodium Extra: 35 options available, 0 override(s) found
[14Sep2025 20:32:57.269] [main/WARN] [mixin/]: Reference map '' for adapter.init.mixins.json could not be read. If this is a development environment you can ignore this message
[14Sep2025 20:32:58.242] [GML Mappings Thread/INFO] [org.groovymc.gml.mappings.MappingsProvider/]: Loaded runtime mappings in 4891ms
[14Sep2025 20:32:58.244] [GML Mappings Thread/INFO] [org.groovymc.gml.mappings.MappingsProvider/]: Finished runtime mappings setup.
[14Sep2025 20:32:58.689] [main/ERROR] [net.minecraftforge.fml.loading.RuntimeDistCleaner/DISTXFORM]: Attempted to load class net/minecraft/client/MouseHandler for invalid dist DEDICATED_SERVER
[14Sep2025 20:32:58.690] [main/WARN] [mixin/]: Error loading class: net/minecraft/client/MouseHandler (java.lang.RuntimeException: Attempted to load class net/minecraft/client/MouseHandler for invalid dist DEDICATED_SERVER)
[14Sep2025 20:32:58.693] [main/WARN] [mixin/]: @Mixin target net.minecraft.client.MouseHandler was not found fabric-screen-api-v1.mixins.json:MouseMixin from mod fabric_screen_api_v1
[14Sep2025 20:32:58.695] [main/ERROR] [net.minecraftforge.fml.loading.RuntimeDistCleaner/DISTXFORM]: Attempted to load class net/minecraft/client/gui/screens/Screen for invalid dist DEDICATED_SERVER
[14Sep2025 20:32:58.695] [main/WARN] [mixin/]: Error loading class: net/minecraft/client/gui/screens/Screen (java.lang.RuntimeException: Attempted to load class net/minecraft/client/gui/screens/Screen for invalid dist DEDICATED_SERVER)
[14Sep2025 20:32:58.695] [main/WARN] [mixin/]: @Mixin target net.minecraft.client.gui.screens.Screen was not found fabric-screen-api-v1.mixins.json:ScreenAccessor from mod fabric_screen_api_v1
[14Sep2025 20:32:59.191] [main/WARN] [mixin/]: Error loading class: dev/tr7zw/skinlayers/render/CustomizableModelPart (java.lang.ClassNotFoundException: dev.tr7zw.skinlayers.render.CustomizableModelPart)
[14Sep2025 20:33:00.455] [main/INFO] [MixinExtras|Service/]: Initializing MixinExtras via com.llamalad7.mixinextras.service.MixinExtrasServiceImpl(version=0.4.1).
[14Sep2025 20:33:00.963] [main/ERROR] [net.minecraftforge.fml.loading.RuntimeDistCleaner/DISTXFORM]: Attempted to load class net/minecraft/client/gui/screens/Screen for invalid dist DEDICATED_SERVER
[14Sep2025 20:33:00.965] [main/INFO] [STDERR/]: [java.lang.ThreadGroup:uncaughtException:1077]: java.lang.RuntimeException: java.lang.reflect.InvocationTargetException
[14Sep2025 20:33:00.965] [main/INFO] [STDERR/]: [java.lang.ThreadGroup:uncaughtException:1077]: 	at MC-BOOTSTRAP/cpw.mods.modlauncher@10.0.9/cpw.mods.modlauncher.LaunchServiceHandlerDecorator.launch(LaunchServiceHandlerDecorator.java:32)
[14Sep2025 20:33:00.966] [main/INFO] [STDERR/]: [java.lang.ThreadGroup:uncaughtException:1077]: 	at MC-BOOTSTRAP/cpw.mods.modlauncher@10.0.9/cpw.mods.modlauncher.LaunchServiceHandler.launch(LaunchServiceHandler.java:53)
[14Sep2025 20:33:00.966] [main/INFO] [STDERR/]: [java.lang.ThreadGroup:uncaughtException:1077]: 	at MC-BOOTSTRAP/cpw.mods.modlauncher@10.0.9/cpw.mods.modlauncher.LaunchServiceHandler.launch(LaunchServiceHandler.java:71)
[14Sep2025 20:33:00.967] [main/INFO] [STDERR/]: [java.lang.ThreadGroup:uncaughtException:1077]: 	at MC-BOOTSTRAP/cpw.mods.modlauncher@10.0.9/cpw.mods.modlauncher.Launcher.run(Launcher.java:108)
[14Sep2025 20:33:00.967] [main/INFO] [STDERR/]: [java.lang.ThreadGroup:uncaughtException:1077]: 	at MC-BOOTSTRAP/cpw.mods.modlauncher@10.0.9/cpw.mods.modlauncher.Launcher.main(Launcher.java:78)
[14Sep2025 20:33:00.968] [main/INFO] [STDERR/]: [java.lang.ThreadGroup:uncaughtException:1077]: 	at MC-BOOTSTRAP/cpw.mods.modlauncher@10.0.9/cpw.mods.modlauncher.BootstrapLaunchConsumer.accept(BootstrapLaunchConsumer.java:26)
[14Sep2025 20:33:00.968] [main/INFO] [STDERR/]: [java.lang.ThreadGroup:uncaughtException:1077]: 	at MC-BOOTSTRAP/cpw.mods.modlauncher@10.0.9/cpw.mods.modlauncher.BootstrapLaunchConsumer.accept(BootstrapLaunchConsumer.java:23)
[14Sep2025 20:33:00.969] [main/INFO] [STDERR/]: [java.lang.ThreadGroup:uncaughtException:1077]: 	at cpw.mods.bootstraplauncher@1.1.2/cpw.mods.bootstraplauncher.BootstrapLauncher.main(BootstrapLauncher.java:141)
[14Sep2025 20:33:00.970] [main/INFO] [STDERR/]: [java.lang.ThreadGroup:uncaughtException:1086]: Caused by: java.lang.reflect.InvocationTargetException
[14Sep2025 20:33:00.973] [main/INFO] [STDERR/]: [java.lang.ThreadGroup:uncaughtException:1086]: 	at java.base/jdk.internal.reflect.NativeMethodAccessorImpl.invoke0(Native Method)
[14Sep2025 20:33:00.974] [main/INFO] [STDERR/]: [java.lang.ThreadGroup:uncaughtException:1086]: 	at java.base/jdk.internal.reflect.NativeMethodAccessorImpl.invoke(NativeMethodAccessorImpl.java:77)
[14Sep2025 20:33:00.974] [main/INFO] [STDERR/]: [java.lang.ThreadGroup:uncaughtException:1086]: 	at java.base/jdk.internal.reflect.DelegatingMethodAccessorImpl.invoke(DelegatingMethodAccessorImpl.java:43)
[14Sep2025 20:33:00.974] [main/INFO] [STDERR/]: [java.lang.ThreadGroup:uncaughtException:1086]: 	at java.base/java.lang.reflect.Method.invoke(Method.java:569)
[14Sep2025 20:33:00.975] [main/INFO] [STDERR/]: [java.lang.ThreadGroup:uncaughtException:1086]: 	at MC-BOOTSTRAP/fmlloader@1.20.1-47.3.7/net.minecraftforge.fml.loading.targets.CommonLaunchHandler.runTarget(CommonLaunchHandler.java:111)
[14Sep2025 20:33:00.978] [main/INFO] [STDERR/]: [java.lang.ThreadGroup:uncaughtException:1086]: 	at MC-BOOTSTRAP/fmlloader@1.20.1-47.3.7/net.minecraftforge.fml.loading.targets.CommonLaunchHandler.serverService(CommonLaunchHandler.java:103)
[14Sep2025 20:33:00.979] [main/INFO] [STDERR/]: [java.lang.ThreadGroup:uncaughtException:1086]: 	at MC-BOOTSTRAP/fmlloader@1.20.1-47.3.7/net.minecraftforge.fml.loading.targets.CommonServerLaunchHandler.lambda$makeService$0(CommonServerLaunchHandler.java:27)
[14Sep2025 20:33:00.979] [main/INFO] [STDERR/]: [java.lang.ThreadGroup:uncaughtException:1086]: 	at MC-BOOTSTRAP/cpw.mods.modlauncher@10.0.9/cpw.mods.modlauncher.LaunchServiceHandlerDecorator.launch(LaunchServiceHandlerDecorator.java:30)
[14Sep2025 20:33:00.979] [main/INFO] [STDERR/]: [java.lang.ThreadGroup:uncaughtException:1086]: 	... 7 more
[14Sep2025 20:33:00.981] [main/INFO] [STDERR/]: [java.lang.Throwable:printStackTrace:659]: Caused by: java.lang.ExceptionInInitializerError
[14Sep2025 20:33:00.982] [main/INFO] [STDERR/]: [java.lang.Throwable:printStackTrace:659]: 	at TRANSFORMER/minecraft@1.20.1/net.minecraft.network.chat.MutableComponent.m_237204_(MutableComponent.java:29)
[14Sep2025 20:33:00.983] [main/INFO] [STDERR/]: [java.lang.Throwable:printStackTrace:659]: 	at TRANSFORMER/minecraft@1.20.1/net.minecraft.network.chat.Component.m_237115_(Component.java:444)
[14Sep2025 20:33:00.984] [main/INFO] [STDERR/]: [java.lang.Throwable:printStackTrace:659]: 	at TRANSFORMER/minecraft@1.20.1/net.minecraft.commands.BrigadierExceptions.<clinit>(BrigadierExceptions.java:24)
[14Sep2025 20:33:00.984] [main/INFO] [STDERR/]: [java.lang.Throwable:printStackTrace:659]: 	at TRANSFORMER/minecraft@1.20.1/net.minecraft.SharedConstants.<clinit>(SharedConstants.java:216)
[14Sep2025 20:33:00.985] [main/INFO] [STDERR/]: [java.lang.Throwable:printStackTrace:659]: 	at TRANSFORMER/minecraft@1.20.1/net.minecraft.server.Main.main(Main.java:69)
[14Sep2025 20:33:00.986] [main/INFO] [STDERR/]: [java.lang.Throwable:printStackTrace:659]: 	... 15 more
[14Sep2025 20:33:00.988] [main/INFO] [STDERR/]: [java.lang.Throwable:printStackTrace:682]: Caused by: java.lang.RuntimeException: Attempted to load class net/minecraft/client/gui/screens/Screen for invalid dist DEDICATED_SERVER
[14Sep2025 20:33:00.988] [main/INFO] [STDERR/]: [java.lang.Throwable:printStackTrace:682]: 	at MC-BOOTSTRAP/fmlloader@1.20.1-47.3.7/net.minecraftforge.fml.loading.RuntimeDistCleaner.processClassWithFlags(RuntimeDistCleaner.java:57)
[14Sep2025 20:33:00.989] [main/INFO] [STDERR/]: [java.lang.Throwable:printStackTrace:682]: 	at MC-BOOTSTRAP/cpw.mods.modlauncher@10.0.9/cpw.mods.modlauncher.LaunchPluginHandler.offerClassNodeToPlugins(LaunchPluginHandler.java:88)
[14Sep2025 20:33:00.989] [main/INFO] [STDERR/]: [java.lang.Throwable:printStackTrace:682]: 	at MC-BOOTSTRAP/cpw.mods.modlauncher@10.0.9/cpw.mods.modlauncher.ClassTransformer.transform(ClassTransformer.java:120)
[14Sep2025 20:33:00.991] [main/INFO] [STDERR/]: [java.lang.Throwable:printStackTrace:682]: 	at MC-BOOTSTRAP/cpw.mods.modlauncher@10.0.9/cpw.mods.modlauncher.TransformingClassLoader.maybeTransformClassBytes(TransformingClassLoader.java:50)
[14Sep2025 20:33:00.992] [main/INFO] [STDERR/]: [java.lang.Throwable:printStackTrace:682]: 	at cpw.mods.securejarhandler/cpw.mods.cl.ModuleClassLoader.readerToClass(ModuleClassLoader.java:113)
[14Sep2025 20:33:00.992] [main/INFO] [STDERR/]: [java.lang.Throwable:printStackTrace:682]: 	at cpw.mods.securejarhandler/cpw.mods.cl.ModuleClassLoader.lambda$findClass$15(ModuleClassLoader.java:219)
[14Sep2025 20:33:00.993] [main/INFO] [STDERR/]: [java.lang.Throwable:printStackTrace:682]: 	at cpw.mods.securejarhandler/cpw.mods.cl.ModuleClassLoader.loadFromModule(ModuleClassLoader.java:229)
[14Sep2025 20:33:00.993] [main/INFO] [STDERR/]: [java.lang.Throwable:printStackTrace:682]: 	at cpw.mods.securejarhandler/cpw.mods.cl.ModuleClassLoader.findClass(ModuleClassLoader.java:219)
[14Sep2025 20:33:00.993] [main/INFO] [STDERR/]: [java.lang.Throwable:printStackTrace:682]: 	at cpw.mods.securejarhandler/cpw.mods.cl.ModuleClassLoader.loadClass(ModuleClassLoader.java:135)
[14Sep2025 20:33:00.994] [main/INFO] [STDERR/]: [java.lang.Throwable:printStackTrace:682]: 	at java.base/java.lang.ClassLoader.loadClass(ClassLoader.java:525)
[14Sep2025 20:33:00.994] [main/INFO] [STDERR/]: [java.lang.Throwable:printStackTrace:682]: 	at TRANSFORMER/minecraft@1.20.1/net.minecraft.resources.ResourceLocation.handler$zif000$entity_texture_features$etf$illegalPathOverride(ResourceLocation.java:525)
[14Sep2025 20:33:00.997] [main/INFO] [STDERR/]: [java.lang.Throwable:printStackTrace:682]: 	at TRANSFORMER/minecraft@1.20.1/net.minecraft.resources.ResourceLocation.m_135841_(ResourceLocation.java:200)
[14Sep2025 20:33:00.997] [main/INFO] [STDERR/]: [java.lang.Throwable:printStackTrace:682]: 	at TRANSFORMER/minecraft@1.20.1/net.minecraft.resources.ResourceLocation.m_245185_(ResourceLocation.java:235)
[14Sep2025 20:33:00.999] [main/INFO] [STDERR/]: [java.lang.Throwable:printStackTrace:682]: 	at TRANSFORMER/minecraft@1.20.1/net.minecraft.resources.ResourceLocation.<init>(ResourceLocation.java:38)
[14Sep2025 20:33:01.001] [main/INFO] [STDERR/]: [java.lang.Throwable:printStackTrace:682]: 	at TRANSFORMER/minecraft@1.20.1/net.minecraft.network.chat.Style.<clinit>(Style.java:39)
[14Sep2025 20:33:01.003] [main/INFO] [STDERR/]: [java.lang.Throwable:printStackTrace:682]: 	... 20 more
